################################################################################
#                                                                              #
#      IAR Universal Linker V6.5.1.95                                          #
#                                                                              #
#           Link time     =  02/Dec/2021  08:51:06                             #
#           Target CPU    =  MSP430                                            #
#           List file     =  "E:\Temp\MSP430+Drone-NEW\7 Gyro\Debug\List\Gyro. #
#                            map"                                              #
#           Output file 1 =  "E:\Temp\MSP430+Drone-NEW\7 Gyro\Debug\Exe\Gyro.d #
#                            43"                                               #
#                            Format: ubrof10                                   #
#                            UBROF version 10.0.6                              #
#                            Using library modules for C-SPY (-rt)             #
#           Command line  =  -f C:\Users\xiaom\AppData\Local\Temp\EWAC31.tmp   #
#                            ("E:\Temp\MSP430+Drone-NEW\7 Gyro\Debug\Obj\adc10 #
#                            _a.r43"                                           #
#                            "E:\Temp\MSP430+Drone-NEW\7 Gyro\Debug\Obj\adc12_ #
#                            a.r43"                                            #
#                            "E:\Temp\MSP430+Drone-NEW\7 Gyro\Debug\Obj\aes.r4 #
#                            3"                                                #
#                            "E:\Temp\MSP430+Drone-NEW\7 Gyro\Debug\Obj\battba #
#                            k.r43"                                            #
#                            "E:\Temp\MSP430+Drone-NEW\7 Gyro\Debug\Obj\comp_b #
#                            .r43"                                             #
#                            "E:\Temp\MSP430+Drone-NEW\7 Gyro\Debug\Obj\crc.r4 #
#                            3"                                                #
#                            "E:\Temp\MSP430+Drone-NEW\7 Gyro\Debug\Obj\ctsd16 #
#                            .r43"                                             #
#                            "E:\Temp\MSP430+Drone-NEW\7 Gyro\Debug\Obj\dac12_ #
#                            a.r43"                                            #
#                            "E:\Temp\MSP430+Drone-NEW\7 Gyro\Debug\Obj\dma.r4 #
#                            3"                                                #
#                            "E:\Temp\MSP430+Drone-NEW\7 Gyro\Debug\Obj\eusci_ #
#                            a_spi.r43"                                        #
#                            "E:\Temp\MSP430+Drone-NEW\7 Gyro\Debug\Obj\eusci_ #
#                            a_uart.r43"                                       #
#                            "E:\Temp\MSP430+Drone-NEW\7 Gyro\Debug\Obj\eusci_ #
#                            b_i2c.r43"                                        #
#                            "E:\Temp\MSP430+Drone-NEW\7 Gyro\Debug\Obj\eusci_ #
#                            b_spi.r43"                                        #
#                            "E:\Temp\MSP430+Drone-NEW\7 Gyro\Debug\Obj\flashc #
#                            tl.r43"                                           #
#                            "E:\Temp\MSP430+Drone-NEW\7 Gyro\Debug\Obj\gpio.r #
#                            43"                                               #
#                            "E:\Temp\MSP430+Drone-NEW\7 Gyro\Debug\Obj\i2c.r4 #
#                            3"                                                #
#                            "E:\Temp\MSP430+Drone-NEW\7 Gyro\Debug\Obj\lcd_b. #
#                            r43"                                              #
#                            "E:\Temp\MSP430+Drone-NEW\7 Gyro\Debug\Obj\lcd_c. #
#                            r43"                                              #
#                            "E:\Temp\MSP430+Drone-NEW\7 Gyro\Debug\Obj\ldopwr #
#                            .r43"                                             #
#                            "E:\Temp\MSP430+Drone-NEW\7 Gyro\Debug\Obj\main.r #
#                            43"                                               #
#                            "E:\Temp\MSP430+Drone-NEW\7 Gyro\Debug\Obj\mpu605 #
#                            0.r43"                                            #
#                            "E:\Temp\MSP430+Drone-NEW\7 Gyro\Debug\Obj\mpy32. #
#                            r43"                                              #
#                            "E:\Temp\MSP430+Drone-NEW\7 Gyro\Debug\Obj\oa.r43 #
#                            "                                                 #
#                            "E:\Temp\MSP430+Drone-NEW\7 Gyro\Debug\Obj\pmap.r #
#                            43"                                               #
#                            "E:\Temp\MSP430+Drone-NEW\7 Gyro\Debug\Obj\pmm.r4 #
#                            3"                                                #
#                            "E:\Temp\MSP430+Drone-NEW\7 Gyro\Debug\Obj\ram.r4 #
#                            3"                                                #
#                            "E:\Temp\MSP430+Drone-NEW\7 Gyro\Debug\Obj\ref.r4 #
#                            3"                                                #
#                            "E:\Temp\MSP430+Drone-NEW\7 Gyro\Debug\Obj\rtc_a. #
#                            r43"                                              #
#                            "E:\Temp\MSP430+Drone-NEW\7 Gyro\Debug\Obj\rtc_b. #
#                            r43"                                              #
#                            "E:\Temp\MSP430+Drone-NEW\7 Gyro\Debug\Obj\rtc_c. #
#                            r43"                                              #
#                            "E:\Temp\MSP430+Drone-NEW\7 Gyro\Debug\Obj\sd24_b #
#                            .r43"                                             #
#                            "E:\Temp\MSP430+Drone-NEW\7 Gyro\Debug\Obj\sfr.r4 #
#                            3"                                                #
#                            "E:\Temp\MSP430+Drone-NEW\7 Gyro\Debug\Obj\sysctl #
#                            .r43"                                             #
#                            "E:\Temp\MSP430+Drone-NEW\7 Gyro\Debug\Obj\tec.r4 #
#                            3"                                                #
#                            "E:\Temp\MSP430+Drone-NEW\7 Gyro\Debug\Obj\timer_ #
#                            a.r43"                                            #
#                            "E:\Temp\MSP430+Drone-NEW\7 Gyro\Debug\Obj\timer_ #
#                            b.r43"                                            #
#                            "E:\Temp\MSP430+Drone-NEW\7 Gyro\Debug\Obj\timer_ #
#                            d.r43"                                            #
#                            "E:\Temp\MSP430+Drone-NEW\7 Gyro\Debug\Obj\tlv.r4 #
#                            3"                                                #
#                            "E:\Temp\MSP430+Drone-NEW\7 Gyro\Debug\Obj\ucs.r4 #
#                            3"                                                #
#                            "E:\Temp\MSP430+Drone-NEW\7 Gyro\Debug\Obj\usci_a #
#                            _spi.r43"                                         #
#                            "E:\Temp\MSP430+Drone-NEW\7 Gyro\Debug\Obj\usci_a #
#                            _uart.r43"                                        #
#                            "E:\Temp\MSP430+Drone-NEW\7 Gyro\Debug\Obj\usci_b #
#                            _i2c.r43"                                         #
#                            "E:\Temp\MSP430+Drone-NEW\7 Gyro\Debug\Obj\usci_b #
#                            _spi.r43"                                         #
#                            "E:\Temp\MSP430+Drone-NEW\7 Gyro\Debug\Obj\wdt_a. #
#                            r43"                                              #
#                            -o                                                #
#                            "E:\Temp\MSP430+Drone-NEW\7 Gyro\Debug\Exe\Gyro.d #
#                            43"                                               #
#                            -l                                                #
#                            "E:\Temp\MSP430+Drone-NEW\7 Gyro\Debug\List\Gyro. #
#                            map"                                              #
#                            -xms                                              #
#                            "-ID:\Program Files (x86)\IAR Systems\Embedded Wo #
#                            rkbench 8.0\430\LIB\"                             #
#                            -f                                                #
#                            "D:\Program Files (x86)\IAR Systems\Embedded Work #
#                            bench 8.0\430\config\linker\lnk430f5529.xcl"      #
#                            (-cmsp430 -D?CPU30_OFFSET=2 -QCODE_I=CODE_ID      #
#                            -QTLS16_I=TLS16_ID -D__iar_HWMUL=4C0              #
#                            -Z(CONST)INFO=1800-19FF                           #
#                            -Z(CONST)INFOA=1980-19FF                          #
#                            -Z(CONST)INFOB=1900-197F                          #
#                            -Z(CONST)INFOC=1880-18FF                          #
#                            -Z(CONST)INFOD=1800-187F                          #
#                            -Z(DATA)USBRAM=1C00-23FF                          #
#                            -Z(DATA)DATA16_I,DATA16_Z,DATA16_N,TLS16_I=2400-4 #
#                            3FF                                               #
#                            -Z(DATA)DATA16_HEAP+_DATA16_HEAP_SIZE             #
#                            -Z(DATA)CODE_I                                    #
#                            -Z(DATA)DATA20_I,DATA20_Z,DATA20_N,DATA20_HEAP+_D #
#                            ATA20_HEAP_SIZE                                   #
#                            -Z(DATA)CSTACK+_STACK_SIZE#                       #
#                            -Z(CONST)DATA16_C,DATA16_ID,TLS16_ID,DIFUNCT,CHEC #
#                            KSUM=4400-FF7F                                    #
#                            -Z(CODE)CSTART,ISR_CODE,CODE16=4400-FF7F          #
#                            -P(CODE)CODE=4400-FF7F,10000-243FF                #
#                            -Z(CONST)DATA20_C,DATA20_ID,CODE_ID=4400-FF7F,100 #
#                            40-243FF                                          #
#                            -Z(CODE)INTVEC=FF80-FFFF                          #
#                            -Z(CODE)RESET=FFFE-FFFF) -f                       #
#                            "D:\Program Files (x86)\IAR Systems\Embedded Work #
#                            bench 8.0\430\config\linker\multiplier32.xcl"     #
#                            (-e?Mul8Hw=?Mul8 -e?Mul16Hw=?Mul16                #
#                            -e?Mul16to32uHw=?Mul16to32u                       #
#                            -e?Mul16to32sHw=?Mul16to32s -e?Mul32Hw32=?Mul32   #
#                            -e?Mul64Hw32=_Mul64i                              #
#                            -e?Mul32u32uto64iHw32=_Mul32u32uto64i             #
#                            -e?Mul32fHw32=_Mul32f                             #
#                            -e_Mul64fHw32Ptr=_Mul64fPtr) -D_STACK_SIZE=A0     #
#                            -rt                                               #
#                            "D:\Program Files (x86)\IAR Systems\Embedded Work #
#                            bench 8.0\430\lib\dlib\dl430xlsfn.r43"            #
#                            -e_PrintfLarge=_Printf -e_ScanfLarge=_Scanf       #
#                            -D_DATA16_HEAP_SIZE=A0 -s __program_start         #
#                            -D_DATA20_HEAP_SIZE=50)                           #
#                                                                              #
#                           Copyright (C) 1987-2016 IAR Systems AB.            #
################################################################################





                ****************************************
                *                                      *
                *           CROSS REFERENCE            *
                *                                      *
                ****************************************

       Program entry at :           4400  Relocatable, from module : ?cstart




                ****************************************
                *                                      *
                *            RUNTIME MODEL             *
                *                                      *
                ****************************************

  __Heap_Handler             = Basic
  __SystemLibrary            = DLib
  __code_model               = large
  __core                     = 430X
  __data_model               = small
  __dlib_file_descriptor     = 0
  __dlib_full_locale_support = 0
  __double_size              = 32
  __pic                      = no
  __reg_r4                   = free
  __reg_r5                   = free
  __rt_version               = 3

                ****************************************
                *                                      *
                *    AUTOMATIC SYMBOL REDIRECTIONS     *
                *                                      *
                ****************************************

                  There are no automatic symbol redirections.



                ****************************************
                *                                      *
                *              MODULE MAP              *
                *                                      *
                ****************************************


  DEFINED ABSOLUTE ENTRIES
    *************************************************************************

  DEFINED ABSOLUTE ENTRIES
  PROGRAM MODULE, NAME : ?ABS_ENTRY_MOD

Absolute parts
           ENTRY                   ADDRESS         REF BY
           =====                   =======         ======
           _DATA20_HEAP_SIZE       0050 
           _DATA16_HEAP_SIZE       00A0 
           _STACK_SIZE             00A0 
           __iar_HWMUL             04C0 
           ?CPU30_OFFSET           0002 
    *************************************************************************

  FILE NAME : E:\Temp\MSP430+Drone-NEW\7 Gyro\Debug\Obj\adc10_a.r43
    *************************************************************************

  FILE NAME : E:\Temp\MSP430+Drone-NEW\7 Gyro\Debug\Obj\adc12_a.r43
    *************************************************************************

  FILE NAME : E:\Temp\MSP430+Drone-NEW\7 Gyro\Debug\Obj\aes.r43
    *************************************************************************

  FILE NAME : E:\Temp\MSP430+Drone-NEW\7 Gyro\Debug\Obj\battbak.r43
    *************************************************************************

  FILE NAME : E:\Temp\MSP430+Drone-NEW\7 Gyro\Debug\Obj\comp_b.r43
    *************************************************************************

  FILE NAME : E:\Temp\MSP430+Drone-NEW\7 Gyro\Debug\Obj\crc.r43
    *************************************************************************

  FILE NAME : E:\Temp\MSP430+Drone-NEW\7 Gyro\Debug\Obj\ctsd16.r43
    *************************************************************************

  FILE NAME : E:\Temp\MSP430+Drone-NEW\7 Gyro\Debug\Obj\dac12_a.r43
    *************************************************************************

  FILE NAME : E:\Temp\MSP430+Drone-NEW\7 Gyro\Debug\Obj\dma.r43
    *************************************************************************

  FILE NAME : E:\Temp\MSP430+Drone-NEW\7 Gyro\Debug\Obj\eusci_a_spi.r43
    *************************************************************************

  FILE NAME : E:\Temp\MSP430+Drone-NEW\7 Gyro\Debug\Obj\eusci_a_uart.r43
    *************************************************************************

  FILE NAME : E:\Temp\MSP430+Drone-NEW\7 Gyro\Debug\Obj\eusci_b_i2c.r43
    *************************************************************************

  FILE NAME : E:\Temp\MSP430+Drone-NEW\7 Gyro\Debug\Obj\eusci_b_spi.r43
    *************************************************************************

  FILE NAME : E:\Temp\MSP430+Drone-NEW\7 Gyro\Debug\Obj\flashctl.r43
    *************************************************************************

  FILE NAME : E:\Temp\MSP430+Drone-NEW\7 Gyro\Debug\Obj\gpio.r43
    *************************************************************************

  FILE NAME : E:\Temp\MSP430+Drone-NEW\7 Gyro\Debug\Obj\i2c.r43
  PROGRAM MODULE, NAME : i2c

  SEGMENTS IN THE MODULE
  ======================
DATA16_AN
  Relative segment, address: 0220 - 0221 (0x2 bytes), align: 0
  Segment part 1. ROOT        Intra module refs:   I2C_RecvACK
                                                   I2C_RecvByte
           ENTRY                   ADDRESS         REF BY
           =====                   =======         ======
           _A_PBIN_L               0220 
           LOCAL                   ADDRESS         
           =====                   =======         
           PBIN                    0220 
           PBIN_H                  0221 
           PBIN_L                  0220 
    -------------------------------------------------------------------------
DATA16_AN
  Relative segment, address: 0222 - 0223 (0x2 bytes), align: 0
  Segment part 2. ROOT        Intra module refs:   I2C_RecvACK
                                                   I2C_RecvByte
                                                   I2C_SendACK
                                                   I2C_SendByte
                                                   I2C_Start
                                                   I2C_Stop
           ENTRY                   ADDRESS         REF BY
           =====                   =======         ======
           _A_PBOUT_L              0222 
           LOCAL                   ADDRESS         
           =====                   =======         
           PBOUT                   0222 
           PBOUT_H                 0223 
           PBOUT_L                 0222 
    -------------------------------------------------------------------------
DATA16_AN
  Relative segment, address: 0224 - 0225 (0x2 bytes), align: 0
  Segment part 3. ROOT        Intra module refs:   I2C_Init
                                                   I2C_RecvACK
                                                   I2C_RecvByte
                                                   I2C_SendACK
                                                   I2C_SendByte
                                                   I2C_Start
                                                   I2C_Stop
           ENTRY                   ADDRESS         REF BY
           =====                   =======         ======
           _A_PBDIR_L              0224 
           LOCAL                   ADDRESS         
           =====                   =======         
           PBDIR                   0224 
           PBDIR_H                 0225 
           PBDIR_L                 0224 
    -------------------------------------------------------------------------
DATA16_Z
  Relative segment, address: 2400 - 2400 (0x1 bytes), align: 0
  Segment part 5.             Intra module refs:   I2C_RecvACK
           ENTRY                   ADDRESS         REF BY
           =====                   =======         ======
           Ack_Count               2400 
    -------------------------------------------------------------------------
<CODE> 1 (was CODE)
  Relative segment, address: 4702 - 4707 (0x6 bytes), align: 1
  Segment part 6.
           ENTRY                   ADDRESS         REF BY
           =====                   =======         ======
           I2C_Init                4702            main (main)
    -------------------------------------------------------------------------
<CODE> 1 (was CODE)
  Relative segment, address: 46C6 - 46DD (0x18 bytes), align: 1
  Segment part 7.             Intra module refs:   I2C_RecvACK
                                                   I2C_RecvByte
                                                   I2C_SendACK
                                                   I2C_SendByte
                                                   I2C_Start
                                                   I2C_Stop
           ENTRY                   ADDRESS         REF BY
           =====                   =======         ======
           delay                   46C6 
    -------------------------------------------------------------------------
<CODE> 1 (was CODE)
  Relative segment, address: 460C - 463F (0x34 bytes), align: 1
  Segment part 8.             Intra module refs:   I2C_Read_Byte
                                                   I2C_Write_Byte
           ENTRY                   ADDRESS         REF BY
           =====                   =======         ======
           I2C_Start               460C 
               calls direct
    -------------------------------------------------------------------------
<CODE> 1 (was CODE)
  Relative segment, address: 469A - 46C5 (0x2c bytes), align: 1
  Segment part 9.             Intra module refs:   I2C_Read_Byte
                                                   I2C_RecvACK
                                                   I2C_Write_Byte
           ENTRY                   ADDRESS         REF BY
           =====                   =======         ======
           I2C_Stop                469A 
               calls direct
    -------------------------------------------------------------------------
<CODE> 1 (was CODE)
  Relative segment, address: 45C6 - 460B (0x46 bytes), align: 1
  Segment part 10.            Intra module refs:   I2C_Read_Byte
           ENTRY                   ADDRESS         REF BY
           =====                   =======         ======
           I2C_SendACK             45C6 
               calls direct
    -------------------------------------------------------------------------
<CODE> 1 (was CODE)
  Relative segment, address: 4640 - 466D (0x2e bytes), align: 1
  Segment part 11.            Intra module refs:   I2C_SendByte
           ENTRY                   ADDRESS         REF BY
           =====                   =======         ======
           I2C_RecvACK             4640 
               calls direct
    -------------------------------------------------------------------------
<CODE> 1 (was CODE)
  Relative segment, address: 447E - 44DF (0x62 bytes), align: 1
  Segment part 12.            Intra module refs:   I2C_Read_Byte
                                                   I2C_Write_Byte
           ENTRY                   ADDRESS         REF BY
           =====                   =======         ======
           I2C_SendByte            447E 
               calls direct
    -------------------------------------------------------------------------
<CODE> 1 (was CODE)
  Relative segment, address: 4580 - 45C5 (0x46 bytes), align: 1
  Segment part 13.            Intra module refs:   I2C_Read_Byte
           ENTRY                   ADDRESS         REF BY
           =====                   =======         ======
           I2C_RecvByte            4580 
               calls direct
    -------------------------------------------------------------------------
<CODE> 1 (was CODE)
  Relative segment, address: 466E - 4699 (0x2c bytes), align: 1
  Segment part 14.
           ENTRY                   ADDRESS         REF BY
           =====                   =======         ======
           I2C_Write_Byte          466E            MPU6050Init (mpu6050)
               calls direct
    -------------------------------------------------------------------------
<CODE> 1 (was CODE)
  Relative segment, address: 4530 - 457F (0x50 bytes), align: 1
  Segment part 15.
           ENTRY                   ADDRESS         REF BY
           =====                   =======         ======
           I2C_Read_Byte           4530            main (main)
               calls direct

    *************************************************************************

  FILE NAME : E:\Temp\MSP430+Drone-NEW\7 Gyro\Debug\Obj\lcd_b.r43
    *************************************************************************

  FILE NAME : E:\Temp\MSP430+Drone-NEW\7 Gyro\Debug\Obj\lcd_c.r43
    *************************************************************************

  FILE NAME : E:\Temp\MSP430+Drone-NEW\7 Gyro\Debug\Obj\ldopwr.r43
    *************************************************************************

  FILE NAME : E:\Temp\MSP430+Drone-NEW\7 Gyro\Debug\Obj\main.r43
  PROGRAM MODULE, NAME : main

  SEGMENTS IN THE MODULE
  ======================
DATA16_AN
  Relative segment, address: 015C - 015D (0x2 bytes), align: 0
  Segment part 1. ROOT        Intra module refs:   main
           ENTRY                   ADDRESS         REF BY
           =====                   =======         ======
           _A_WDTCTL_L             015C 
           LOCAL                   ADDRESS         
           =====                   =======         
           WDTCTL                  015C 
           WDTCTL_H                015D 
           WDTCTL_L                015C 
    -------------------------------------------------------------------------
<CODE> 1 (was CODE)
  Relative segment, address: 44E0 - 452F (0x50 bytes), align: 1
  Segment part 5.
           ENTRY                   ADDRESS         REF BY
           =====                   =======         ======
           main                    44E0            Segment part 27 (?cstart)
               calls direct
    -------------------------------------------------------------------------
DATA16_Z
  Relative segment, address: 2401 - 2401 (0x1 bytes), align: 0
  Segment part 3.             Intra module refs:   main
           LOCAL                   ADDRESS         
           =====                   =======         
           main::buff              2401 
    -------------------------------------------------------------------------
DATA16_Z
  Relative segment, address: 2402 - 240F (0xe bytes), align: 0
  Segment part 4.             Intra module refs:   main
           LOCAL                   ADDRESS         
           =====                   =======         
           main::buffer            2402 

    *************************************************************************

  FILE NAME : E:\Temp\MSP430+Drone-NEW\7 Gyro\Debug\Obj\mpu6050.r43
  PROGRAM MODULE, NAME : mpu6050

  SEGMENTS IN THE MODULE
  ======================
<CODE> 1 (was CODE)
  Relative segment, address: 4418 - 447D (0x66 bytes), align: 1
  Segment part 2.
           ENTRY                   ADDRESS         REF BY
           =====                   =======         ======
           MPU6050Init             4418            main (main)
               calls direct

    *************************************************************************

  FILE NAME : E:\Temp\MSP430+Drone-NEW\7 Gyro\Debug\Obj\mpy32.r43
    *************************************************************************

  FILE NAME : E:\Temp\MSP430+Drone-NEW\7 Gyro\Debug\Obj\oa.r43
    *************************************************************************

  FILE NAME : E:\Temp\MSP430+Drone-NEW\7 Gyro\Debug\Obj\pmap.r43
    *************************************************************************

  FILE NAME : E:\Temp\MSP430+Drone-NEW\7 Gyro\Debug\Obj\pmm.r43
    *************************************************************************

  FILE NAME : E:\Temp\MSP430+Drone-NEW\7 Gyro\Debug\Obj\ram.r43
    *************************************************************************

  FILE NAME : E:\Temp\MSP430+Drone-NEW\7 Gyro\Debug\Obj\ref.r43
    *************************************************************************

  FILE NAME : E:\Temp\MSP430+Drone-NEW\7 Gyro\Debug\Obj\rtc_a.r43
    *************************************************************************

  FILE NAME : E:\Temp\MSP430+Drone-NEW\7 Gyro\Debug\Obj\rtc_b.r43
    *************************************************************************

  FILE NAME : E:\Temp\MSP430+Drone-NEW\7 Gyro\Debug\Obj\rtc_c.r43
    *************************************************************************

  FILE NAME : E:\Temp\MSP430+Drone-NEW\7 Gyro\Debug\Obj\sd24_b.r43
    *************************************************************************

  FILE NAME : E:\Temp\MSP430+Drone-NEW\7 Gyro\Debug\Obj\sfr.r43
    *************************************************************************

  FILE NAME : E:\Temp\MSP430+Drone-NEW\7 Gyro\Debug\Obj\sysctl.r43
    *************************************************************************

  FILE NAME : E:\Temp\MSP430+Drone-NEW\7 Gyro\Debug\Obj\tec.r43
    *************************************************************************

  FILE NAME : E:\Temp\MSP430+Drone-NEW\7 Gyro\Debug\Obj\timer_a.r43
    *************************************************************************

  FILE NAME : E:\Temp\MSP430+Drone-NEW\7 Gyro\Debug\Obj\timer_b.r43
    *************************************************************************

  FILE NAME : E:\Temp\MSP430+Drone-NEW\7 Gyro\Debug\Obj\timer_d.r43
    *************************************************************************

  FILE NAME : E:\Temp\MSP430+Drone-NEW\7 Gyro\Debug\Obj\tlv.r43
    *************************************************************************

  FILE NAME : E:\Temp\MSP430+Drone-NEW\7 Gyro\Debug\Obj\ucs.r43
    *************************************************************************

  FILE NAME : E:\Temp\MSP430+Drone-NEW\7 Gyro\Debug\Obj\usci_a_spi.r43
    *************************************************************************

  FILE NAME : E:\Temp\MSP430+Drone-NEW\7 Gyro\Debug\Obj\usci_a_uart.r43
    *************************************************************************

  FILE NAME : E:\Temp\MSP430+Drone-NEW\7 Gyro\Debug\Obj\usci_b_i2c.r43
    *************************************************************************

  FILE NAME : E:\Temp\MSP430+Drone-NEW\7 Gyro\Debug\Obj\usci_b_spi.r43
    *************************************************************************

  FILE NAME : E:\Temp\MSP430+Drone-NEW\7 Gyro\Debug\Obj\wdt_a.r43
    *************************************************************************

  FILE NAME : D:\Program Files (x86)\IAR Systems\Embedded Workbench 8.0\430\lib\dlib\dl430xlsfn.r43
  LIBRARY MODULE, NAME : ?__dbg_break

  SEGMENTS IN THE MODULE
  ======================
<CODE> 1 (was CODE)
  Relative segment, address: 4710 - 4711 (0x2 bytes), align: 1
  Segment part 2.
           ENTRY                   ADDRESS         REF BY
           =====                   =======         ======
           __DebugBreak            4710            __exit (?__exit)

    -------------------------------------------------------------------------
  LIBRARY MODULE, NAME : ?__exit

  SEGMENTS IN THE MODULE
  ======================
<CODE> 1 (was CODE)
  Relative segment, address: 46DE - 46F1 (0x14 bytes), align: 1
  Segment part 2.
           ENTRY                   ADDRESS         REF BY
           =====                   =======         ======
           __exit                  46DE            Segment part 6 (?_exit)
                                                   _exit (?_exit)
               calls direct

    -------------------------------------------------------------------------
  LIBRARY MODULE, NAME : ?_exit

  SEGMENTS IN THE MODULE
  ======================
<CODE> 1 (was CODE)
  Relative segment, address: 470C, align: 1
  Segment part 0.
           ENTRY                   ADDRESS         REF BY
           =====                   =======         ======
           _exit                   470C            exit (?exit)
    -------------------------------------------------------------------------
<CODE> 1 (was CODE)
  Relative segment, address: 470C - 470F (0x4 bytes), align: 1
  Segment part 6.             Intra module refs:   _exit

    -------------------------------------------------------------------------
  LIBRARY MODULE, NAME : ?cstart

  SEGMENTS IN THE MODULE
  ======================
CSTACK
  Relative segment, address: 4360, align: 1
  Segment part 1.
    -------------------------------------------------------------------------
DATA16_Z
  Relative segment, address: 2400, align: 1
  Segment part 2.
    -------------------------------------------------------------------------
CODE_I
  Relative segment, address: 2410, align: 1
  Segment part 5.
    -------------------------------------------------------------------------
CODE_ID
  Relative segment, address: 4712, align: 1
  Segment part 6.
    -------------------------------------------------------------------------
DATA20_Z
  Relative segment, address: 2410, align: 1
  Segment part 7.
    -------------------------------------------------------------------------
DATA20_I
  Relative segment, address: 2410, align: 1
  Segment part 8.
    -------------------------------------------------------------------------
DATA20_ID
  Relative segment, address: 4712, align: 1
  Segment part 9.
    -------------------------------------------------------------------------
DATA20_C
  Relative segment, address: 4712, align: 1
  Segment part 10.
    -------------------------------------------------------------------------
DATA20_N
  Relative segment, address: 2410, align: 1
  Segment part 12.
    -------------------------------------------------------------------------
CSTART
  Relative segment, address: 4400 - 4403 (0x4 bytes), align: 1
  Segment part 15.
           ENTRY                   ADDRESS         REF BY
           =====                   =======         ======
           __program_start         4400            ?reset_vector (?reset_vector)
                                                   Absolute parts (?ABS_ENTRY_MOD)
           ?cstart_begin           4400 
    -------------------------------------------------------------------------
CSTART
  Relative segment, address: 4404 - 440F (0xc bytes), align: 1
  Segment part 20.
           ENTRY                   ADDRESS         REF BY
           =====                   =======         ======
           ?cstart_init_zero       4404            Ack_Count (i2c)
                                                   main::buff (main)
                                                   main::buffer (main)
    -------------------------------------------------------------------------
CSTART
  Relative segment, address: 4410 - 4417 (0x8 bytes), align: 1
  Segment part 27.            Intra module refs:   Segment part 15
           ENTRY                   ADDRESS         REF BY
           =====                   =======         ======
           ?cstart_call_main       4410 
           ?cstart_end             4418 
    -------------------------------------------------------------------------
CODE_ID
  Relative segment, address: 4712, align: 1
  Segment part 28.            Intra module refs:   Segment part 5

    -------------------------------------------------------------------------
  LIBRARY MODULE, NAME : ?reset_vector

  SEGMENTS IN THE MODULE
  ======================
RESET
  Relative segment, address: FFFE - FFFF (0x2 bytes), align: 1
  Segment part 0.
           ENTRY                   ADDRESS         REF BY
           =====                   =======         ======
           ?reset_vector           FFFE            Segment part 15 (?cstart)

    -------------------------------------------------------------------------
  LIBRARY MODULE, NAME : ?exit

  SEGMENTS IN THE MODULE
  ======================
<CODE> 1 (was CODE)
  Relative segment, address: 4708 - 470B (0x4 bytes), align: 1
  Segment part 2.
           ENTRY                   ADDRESS         REF BY
           =====                   =======         ======
           exit                    4708            Segment part 27 (?cstart)
               calls direct

    -------------------------------------------------------------------------
  LIBRARY MODULE, NAME : ?memzero

  SEGMENTS IN THE MODULE
  ======================
<CODE> 1 (was CODE)
  Relative segment, address: 46F2 - 4701 (0x10 bytes), align: 1
  Segment part 2.
           ENTRY                   ADDRESS         REF BY
           =====                   =======         ======
           __data16_memzero        46F2            ?cstart_init_zero (?cstart)




                ****************************************
                *                                      *
                *      SEGMENTS IN ADDRESS ORDER       *
                *                                      *
                ****************************************


SEGMENT              SPACE    START ADDRESS   END ADDRESS     SIZE  TYPE  ALIGN
=======              =====    =============   ===========     ====  ====  =====
DATA16_AN                              015C - 015D               2   rel    0
                                       0220 - 0225               6 
DATA16_I                                  2400                       dse    0
DATA16_Z                               2400 - 240F              10   rel    1
CODE_I                                    2410                       rel    1
DATA20_I                                  2410                       rel    1
DATA20_Z                                  2410                       rel    1
DATA20_N                                  2410                       rel    1
CSTACK                                 4360 - 43FF              A0   rel    1
CSTART                                 4400 - 4417              18   rel    1
<CODE> 1                               4418 - 4711             2FA   rel    1
DATA20_C                                  4712                       rel    1
CODE_ID                                   4712                       rel    1
DATA20_ID                                 4712                       rel    1
RESET                                  FFFE - FFFF               2   rel    1

                ****************************************
                *                                      *
                *        END OF CROSS REFERENCE        *
                *                                      *
                ****************************************

 788 bytes of CODE memory
 176 bytes of DATA memory (+ 8 absolute )

Errors: none
Warnings: none

